{
    "id": 1,
    "firstName": "Adela",
    "lastName": "Ernser",
    "fullName": "Adela Ernser",
    "profilePicture": null,
    "email": "dalton.gottlieb95965@owow.io",
    "roles": []
}
